=== STDOUT ===

=== STDERR ===
209 INFO: PyInstaller: 6.21.0, contrib hooks: 2026.6
209 INFO: Python: 3.12.10
249 INFO: Platform: Windows-10-10.0.19045-SP0
249 INFO: Python environment: C:\Users\Admin\AppData\Local\Programs\Python\Python312
249 INFO: Module search paths (PYTHONPATH):
['C:\\Users\\Admin\\Downloads\\Amazon-tool\\GDP-ToolAma-main\\android_phone_farm',
 'C:\\Users\\Admin\\AppData\\Local\\Programs\\Python\\Python312\\python312.zip',
 'C:\\Users\\Admin\\AppData\\Local\\Programs\\Python\\Python312\\DLLs',
 'C:\\Users\\Admin\\AppData\\Local\\Programs\\Python\\Python312\\Lib',
 'C:\\Users\\Admin\\AppData\\Local\\Programs\\Python\\Python312',
 'C:\\Users\\Admin\\AppData\\Local\\Programs\\Python\\Python312\\Lib\\site-packages',
 'C:\\Users\\Admin\\Downloads\\Amazon-tool\\GDP-ToolAma-main\\android_phone_farm']
795 INFO: checking Analysis
795 INFO: Building Analysis because Analysis-00.toc is non existent
795 INFO: Looking for Python shared library...
795 INFO: Using Python shared library: C:\Users\Admin\AppData\Local\Programs\Python\Python312\python312.dll
795 INFO: Running Analysis Analysis-00.toc
795 INFO: Target bytecode optimization level: 0
795 INFO: Initializing module dependency graph...
795 INFO: Initializing module graph hook caches...
820 INFO: Analyzing modules for base_library.zip ...
2279 INFO: Processing standard module hook 'hook-heapq.py' from 'C:\\Users\\Admin\\AppData\\Local\\Programs\\Python\\Python312\\Lib\\site-packages\\PyInstaller\\hooks'
2401 INFO: Processing standard module hook 'hook-encodings.py' from 'C:\\Users\\Admin\\AppData\\Local\\Programs\\Python\\Python312\\Lib\\site-packages\\PyInstaller\\hooks'
4355 INFO: Processing standard module hook 'hook-math.py' from 'C:\\Users\\Admin\\AppData\\Local\\Programs\\Python\\Python312\\Lib\\site-packages\\PyInstaller\\hooks'
4660 INFO: Processing standard module hook 'hook-pickle.py' from 'C:\\Users\\Admin\\AppData\\Local\\Programs\\Python\\Python312\\Lib\\site-packages\\PyInstaller\\hooks'
6689 INFO: Caching module dependency graph...
6743 INFO: Analyzing C:\Users\Admin\Downloads\Amazon-tool\GDP-ToolAma-main\android_phone_farm\main.py
6749 INFO: Processing standard module hook 'hook-PyQt6.py' from 'C:\\Users\\Admin\\AppData\\Local\\Programs\\Python\\Python312\\Lib\\site-packages\\PyInstaller\\hooks'
7686 INFO: Processing standard module hook 'hook-PyQt6.QtWidgets.py' from 'C:\\Users\\Admin\\AppData\\Local\\Programs\\Python\\Python312\\Lib\\site-packages\\PyInstaller\\hooks'
9990 INFO: Processing standard module hook 'hook-PyQt6.QtCore.py' from 'C:\\Users\\Admin\\AppData\\Local\\Programs\\Python\\Python312\\Lib\\site-packages\\PyInstaller\\hooks'
13444 INFO: Processing standard module hook 'hook-PyQt6.QtGui.py' from 'C:\\Users\\Admin\\AppData\\Local\\Programs\\Python\\Python312\\Lib\\site-packages\\PyInstaller\\hooks'
26111 INFO: Processing standard module hook 'hook-PyQt6.QtSvg.py' from 'C:\\Users\\Admin\\AppData\\Local\\Programs\\Python\\Python312\\Lib\\site-packages\\PyInstaller\\hooks'
26393 INFO: Processing standard module hook 'hook-urllib3.py' from 'C:\\Users\\Admin\\AppData\\Local\\Programs\\Python\\Python312\\Lib\\site-packages\\_pyinstaller_hooks_contrib\\stdhooks'
26619 INFO: Processing pre-safe-import-module hook 'hook-backports.py' from 'C:\\Users\\Admin\\AppData\\Local\\Programs\\Python\\Python312\\Lib\\site-packages\\PyInstaller\\hooks\\pre_safe_import_module'
26619 INFO: SetuptoolsInfo: initializing cached setuptools info...
27389 INFO: Setuptools: 'backports' appears to be a full setuptools-vendored copy - creating alias to 'setuptools._vendor.backports'!
27389 INFO: Processing standard module hook 'hook-setuptools.py' from 'C:\\Users\\Admin\\AppData\\Local\\Programs\\Python\\Python312\\Lib\\site-packages\\PyInstaller\\hooks'
27449 INFO: Processing standard module hook 'hook-platform.py' from 'C:\\Users\\Admin\\AppData\\Local\\Programs\\Python\\Python312\\Lib\\site-packages\\PyInstaller\\hooks'
27459 INFO: Processing pre-safe-import-module hook 'hook-distutils.py' from 'C:\\Users\\Admin\\AppData\\Local\\Programs\\Python\\Python312\\Lib\\site-packages\\PyInstaller\\hooks\\pre_safe_import_module'
27529 INFO: Processing standard module hook 'hook-sysconfig.py' from 'C:\\Users\\Admin\\AppData\\Local\\Programs\\Python\\Python312\\Lib\\site-packages\\PyInstaller\\hooks'
27534 INFO: Processing pre-safe-import-module hook 'hook-jaraco.py' from 'C:\\Users\\Admin\\AppData\\Local\\Programs\\Python\\Python312\\Lib\\site-packages\\PyInstaller\\hooks\\pre_safe_import_module'
27539 INFO: Setuptools: 'jaraco' appears to be a full setuptools-vendored copy - creating alias to 'setuptools._vendor.jaraco'!
27549 INFO: Processing pre-safe-import-module hook 'hook-more_itertools.py' from 'C:\\Users\\Admin\\AppData\\Local\\Programs\\Python\\Python312\\Lib\\site-packages\\PyInstaller\\hooks\\pre_safe_import_module'
27549 INFO: Setuptools: 'more_itertools' appears to be a setuptools-vendored copy - creating alias to 'setuptools._vendor.more_itertools'!
27722 INFO: Processing pre-safe-import-module hook 'hook-typing_extensions.py' from 'C:\\Users\\Admin\\AppData\\Local\\Programs\\Python\\Python312\\Lib\\site-packages\\PyInstaller\\hooks\\pre_safe_import_module'
28009 INFO: Processing standard module hook 'hook-multiprocessing.util.py' from 'C:\\Users\\Admin\\AppData\\Local\\Programs\\Python\\Python312\\Lib\\site-packages\\PyInstaller\\hooks'
28119 INFO: Processing standard module hook 'hook-xml.py' from 'C:\\Users\\Admin\\AppData\\Local\\Programs\\Python\\Python312\\Lib\\site-packages\\PyInstaller\\hooks'
28401 INFO: Processing standard module hook 'hook-_ctypes.py' from 'C:\\Users\\Admin\\AppData\\Local\\Programs\\Python\\Python312\\Lib\\site-packages\\PyInstaller\\hooks'
28954 INFO: Processing pre-safe-import-module hook 'hook-packaging.py' from 'C:\\Users\\Admin\\AppData\\Local\\Programs\\Python\\Python312\\Lib\\site-packages\\PyInstaller\\hooks\\pre_safe_import_module'
29201 INFO: Processing standard module hook 'hook-setuptools._vendor.jaraco.text.py' from 'C:\\Users\\Admin\\AppData\\Local\\Programs\\Python\\Python312\\Lib\\site-packages\\PyInstaller\\hooks'
29201 INFO: Processing pre-safe-import-module hook 'hook-importlib_resources.py' from 'C:\\Users\\Admin\\AppData\\Local\\Programs\\Python\\Python312\\Lib\\site-packages\\PyInstaller\\hooks\\pre_safe_import_module'
29753 INFO: Processing pre-safe-import-module hook 'hook-importlib_metadata.py' from 'C:\\Users\\Admin\\AppData\\Local\\Programs\\Python\\Python312\\Lib\\site-packages\\PyInstaller\\hooks\\pre_safe_import_module'
29753 INFO: Setuptools: 'importlib_metadata' appears to be a setuptools-vendored copy - creating alias to 'setuptools._vendor.importlib_metadata'!
29784 INFO: Processing standard module hook 'hook-setuptools._vendor.importlib_metadata.py' from 'C:\\Users\\Admin\\AppData\\Local\\Programs\\Python\\Python312\\Lib\\site-packages\\PyInstaller\\hooks'
29819 INFO: Processing pre-safe-import-module hook 'hook-zipp.py' from 'C:\\Users\\Admin\\AppData\\Local\\Programs\\Python\\Python312\\Lib\\site-packages\\PyInstaller\\hooks\\pre_safe_import_module'
29819 INFO: Setuptools: 'zipp' appears to be a setuptools-vendored copy - creating alias to 'setuptools._vendor.zipp'!
30112 INFO: Processing pre-safe-import-module hook 'hook-tomli.py' from 'C:\\Users\\Admin\\AppData\\Local\\Programs\\Python\\Python312\\Lib\\site-packages\\PyInstaller\\hooks\\pre_safe_import_module'
30112 INFO: Setuptools: 'tomli' appears to be a setuptools-vendored copy - creating alias to 'setuptools._vendor.tomli'!
30739 INFO: Processing pre-safe-import-module hook 'hook-wheel.py' from 'C:\\Users\\Admin\\AppData\\Local\\Programs\\Python\\Python312\\Lib\\site-packages\\PyInstaller\\hooks\\pre_safe_import_module'
30739 INFO: Setuptools: 'wheel' appears to be a setuptools-vendored copy - creating alias to 'setuptools._vendor.wheel'!
31257 INFO: Processing standard module hook 'hook-certifi.py' from 'C:\\Users\\Admin\\AppData\\Local\\Programs\\Python\\Python312\\Lib\\site-packages\\_pyinstaller_hooks_contrib\\stdhooks'
31310 INFO: Processing standard module hook 'hook-charset_normalizer.py' from 'C:\\Users\\Admin\\AppData\\Local\\Programs\\Python\\Python312\\Lib\\site-packages\\_pyinstaller_hooks_contrib\\stdhooks'
C:\Users\Admin\AppData\Local\Programs\Python\Python312\Lib\site-packages\ppadb\device.py:34: SyntaxWarning: invalid escape sequence '\s'
  INSTALL_RESULT_PATTERN = "(Success|Failure|Error)\s?(.*)"
C:\Users\Admin\AppData\Local\Programs\Python\Python312\Lib\site-packages\ppadb\command\transport\__init__.py:95: SyntaxWarning: invalid escape sequence '\['
  result_pattern = "^\[([\s\S]*?)\]: \[([\s\S]*?)\]\r?$"
C:\Users\Admin\AppData\Local\Programs\Python\Python312\Lib\site-packages\ppadb\plugins\device\utils.py:35: SyntaxWarning: invalid escape sequence '\s'
  pattern = "ACTIVITY\s([\w\.]+)/([\w\.]+)\s[\w\d]+\spid=([\d]+)"
C:\Users\Admin\AppData\Local\Programs\Python\Python312\Lib\site-packages\ppadb\plugins\device\utils.py:48: SyntaxWarning: invalid escape sequence '\s'
  total_meminfo_re = re.compile('\s*TOTAL\s*(?P<pss>\d+)'
C:\Users\Admin\AppData\Local\Programs\Python\Python312\Lib\site-packages\ppadb\plugins\device\utils.py:49: SyntaxWarning: invalid escape sequence '\s'
  '\s*(?P<private_dirty>\d+)'
C:\Users\Admin\AppData\Local\Programs\Python\Python312\Lib\site-packages\ppadb\plugins\device\utils.py:50: SyntaxWarning: invalid escape sequence '\s'
  '\s*(?P<private_clean>\d+)'
C:\Users\Admin\AppData\Local\Programs\Python\Python312\Lib\site-packages\ppadb\plugins\device\utils.py:51: SyntaxWarning: invalid escape sequence '\s'
  '\s*(?P<swapped_dirty>\d+)'
C:\Users\Admin\AppData\Local\Programs\Python\Python312\Lib\site-packages\ppadb\plugins\device\utils.py:52: SyntaxWarning: invalid escape sequence '\s'
  '\s*(?P<heap_size>\d+)'
C:\Users\Admin\AppData\Local\Programs\Python\Python312\Lib\site-packages\ppadb\plugins\device\utils.py:53: SyntaxWarning: invalid escape sequence '\s'
  '\s*(?P<heap_alloc>\d+)'
C:\Users\Admin\AppData\Local\Programs\Python\Python312\Lib\site-packages\ppadb\plugins\device\utils.py:54: SyntaxWarning: invalid escape sequence '\s'
  '\s*(?P<heap_free>\d+)')
C:\Users\Admin\AppData\Local\Programs\Python\Python312\Lib\site-packages\ppadb\plugins\device\utils.py:85: SyntaxWarning: invalid escape sequence '\d'
  pattern = "userId=([\d]+)"
C:\Users\Admin\AppData\Local\Programs\Python\Python312\Lib\site-packages\ppadb\plugins\device\utils.py:102: SyntaxWarning: invalid escape sequence '\d'
  pattern = "versionName=([\d\.]+)"
C:\Users\Admin\AppData\Local\Programs\Python\Python312\Lib\site-packages\ppadb\plugins\device\wm.py:12: SyntaxWarning: invalid escape sequence '\s'
  SIZE_RE = 'Physical size:\s([\d]+)x([\d]+)'
C:\Users\Admin\AppData\Local\Programs\Python\Python312\Lib\site-packages\ppadb\plugins\device\traffic.py:36: SyntaxWarning: invalid escape sequence '\d'
  pattern = "userId=([\d]+)"
C:\Users\Admin\AppData\Local\Programs\Python\Python312\Lib\site-packages\ppadb\plugins\device\cpustat.py:90: SyntaxWarning: invalid escape sequence '\s'
  "cpu\s+([\d]+)\s([\d]+)\s([\d]+)\s([\d]+)\s([\d]+)\s([\d]+)\s([\d]+)\s([\d]+)\s([\d]+)\s([\d]+)\s")
31689 INFO: Processing standard module hook 'hook-sqlite3.py' from 'C:\\Users\\Admin\\AppData\\Local\\Programs\\Python\\Python312\\Lib\\site-packages\\PyInstaller\\hooks'
32334 INFO: Processing standard module hook 'hook-anyio.py' from 'C:\\Users\\Admin\\AppData\\Local\\Programs\\Python\\Python312\\Lib\\site-packages\\_pyinstaller_hooks_contrib\\stdhooks'
33424 INFO: Processing standard module hook 'hook-pydantic.py' from 'C:\\Users\\Admin\\AppData\\Local\\Programs\\Python\\Python312\\Lib\\site-packages\\_pyinstaller_hooks_contrib\\stdhooks'
34509 INFO: Processing standard module hook 'hook-zoneinfo.py' from 'C:\\Users\\Admin\\AppData\\Local\\Programs\\Python\\Python312\\Lib\\site-packages\\_pyinstaller_hooks_contrib\\stdhooks'
36140 INFO: Processing standard module hook 'hook-uvicorn.py' from 'C:\\Users\\Admin\\AppData\\Local\\Programs\\Python\\Python312\\Lib\\site-packages\\_pyinstaller_hooks_contrib\\stdhooks'
37159 INFO: Processing standard module hook 'hook-difflib.py' from 'C:\\Users\\Admin\\AppData\\Local\\Programs\\Python\\Python312\\Lib\\site-packages\\PyInstaller\\hooks'
37325 INFO: Processing standard module hook 'hook-webbrowser.py' from 'C:\\Users\\Admin\\AppData\\Local\\Programs\\Python\\Python312\\Lib\\site-packages\\PyInstaller\\hooks'
37666 INFO: Processing module hooks (post-graph stage)...
38709 INFO: Processing standard module hook 'hook-tzdata.py' from 'C:\\Users\\Admin\\AppData\\Local\\Programs\\Python\\Python312\\Lib\\site-packages\\_pyinstaller_hooks_contrib\\stdhooks'
39569 INFO: Performing binary vs. data reclassification (729 entries)
39685 INFO: Looking for ctypes DLLs
39719 INFO: Analyzing run-time hooks ...
39719 INFO: Including run-time hook 'pyi_rth_inspect.py' from 'C:\\Users\\Admin\\AppData\\Local\\Programs\\Python\\Python312\\Lib\\site-packages\\PyInstaller\\hooks\\rthooks'
39728 INFO: Including run-time hook 'pyi_rth_pkgutil.py' from 'C:\\Users\\Admin\\AppData\\Local\\Programs\\Python\\Python312\\Lib\\site-packages\\PyInstaller\\hooks\\rthooks'
39729 INFO: Including run-time hook 'pyi_rth_multiprocessing.py' from 'C:\\Users\\Admin\\AppData\\Local\\Programs\\Python\\Python312\\Lib\\site-packages\\PyInstaller\\hooks\\rthooks'
39729 INFO: Including run-time hook 'pyi_rth_setuptools.py' from 'C:\\Users\\Admin\\AppData\\Local\\Programs\\Python\\Python312\\Lib\\site-packages\\PyInstaller\\hooks\\rthooks'
39729 INFO: Including run-time hook 'pyi_rth_pyqt6.py' from 'C:\\Users\\Admin\\AppData\\Local\\Programs\\Python\\Python312\\Lib\\site-packages\\PyInstaller\\hooks\\rthooks'
39738 INFO: Processing pre-find-module-path hook 'hook-_pyi_rth_utils.py' from 'C:\\Users\\Admin\\AppData\\Local\\Programs\\Python\\Python312\\Lib\\site-packages\\PyInstaller\\hooks\\pre_find_module_path'
39739 INFO: Processing standard module hook 'hook-_pyi_rth_utils.py' from 'C:\\Users\\Admin\\AppData\\Local\\Programs\\Python\\Python312\\Lib\\site-packages\\PyInstaller\\hooks'
39780 INFO: Creating base_library.zip...
39829 INFO: Looking for dynamic libraries
41209 INFO: Extra DLL search directories (AddDllDirectory): ['C:\\Users\\Admin\\AppData\\Local\\Programs\\Python\\Python312\\Lib\\site-packages\\PyQt6\\Qt6\\bin']
41209 INFO: Extra DLL search directories (PATH): ['C:\\Users\\Admin\\AppData\\Local\\Programs\\Python\\Python312\\Lib\\site-packages\\PyQt6\\Qt6\\bin']
42109 INFO: Warnings written to C:\Users\Admin\Downloads\Amazon-tool\GDP-ToolAma-main\android_phone_farm\build\main\warn-main.txt
42212 INFO: Graph cross-reference written to C:\Users\Admin\Downloads\Amazon-tool\GDP-ToolAma-main\android_phone_farm\build\main\xref-main.html
42269 INFO: checking PYZ
42269 INFO: Building PYZ because PYZ-00.toc is non existent
42269 INFO: Building PYZ (ZlibArchive) C:\Users\Admin\Downloads\Amazon-tool\GDP-ToolAma-main\android_phone_farm\build\main\PYZ-00.pyz
43047 INFO: Building PYZ (ZlibArchive) C:\Users\Admin\Downloads\Amazon-tool\GDP-ToolAma-main\android_phone_farm\build\main\PYZ-00.pyz completed successfully.
43086 INFO: checking PKG
43086 INFO: Building PKG because PKG-00.toc is non existent
43086 INFO: Building PKG (CArchive) GDP-tool-phone.pkg
56812 INFO: Building PKG (CArchive) GDP-tool-phone.pkg completed successfully.
56839 INFO: Bootloader C:\Users\Admin\AppData\Local\Programs\Python\Python312\Lib\site-packages\PyInstaller\bootloader\Windows-64bit-intel\runw.exe
56839 INFO: checking EXE
56839 INFO: Building EXE because EXE-00.toc is non existent
56839 INFO: Building EXE from EXE-00.toc
56839 INFO: Copying bootloader EXE to C:\Users\Admin\Downloads\Amazon-tool\GDP-ToolAma-main\android_phone_farm\dist\GDP-tool-phone.exe
56844 INFO: Copying icon to EXE
56849 INFO: Copying 0 resources to EXE
56850 INFO: Embedding manifest in EXE
56854 INFO: Appending PKG archive to EXE
56901 INFO: Fixing EXE headers
57189 INFO: Building EXE from EXE-00.toc completed successfully.
57219 INFO: Build complete! The results are available in: C:\Users\Admin\Downloads\Amazon-tool\GDP-ToolAma-main\android_phone_farm\dist

Exit code: 0
